[2026-08-28 17:35:02][FINE] Loading BlueMap v5.23 (4c4cbc291b361ceff6ee239448e9f988f9019dbb) on paper 26.2 ...
[2026-08-28 17:35:03][INFO] Loading resources...
[2026-08-28 17:35:03][FINE] Loading resources from: bluemap\resourceExtensions.zip ...
[2026-08-28 17:35:03][FINE] Loading resources from: bluemap\minecraft-client-26.2.jar ...
[2026-08-28 17:35:03][FINE] Collecting texture-keys...
[2026-08-28 17:35:03][FINE] Found 2159 texture-keys.
[2026-08-28 17:35:03][FINE] Loading textures from: bluemap\resourceExtensions.zip ...
[2026-08-28 17:35:03][FINE] Loading textures from: bluemap\minecraft-client-26.2.jar ...
[2026-08-28 17:35:04][FINE] Baking resources...
[2026-08-28 17:35:04][INFO] Resources loaded.
[2026-08-28 17:35:04][FINE] Loading world world#minecraft:overworld ...
[2026-08-28 17:35:04][FINE] Loading datapack...
[2026-08-28 17:35:04][FINE] Loading datapack from: world\datapacks\BetterRecipeMemory.zip ...
[2026-08-28 17:35:04][FINE] Loading datapack from: bluemap\resourceExtensions.zip ...
[2026-08-28 17:35:04][FINE] Loading datapack from: bluemap\minecraft-client-26.2.jar ...
[2026-08-28 17:35:04][FINE] Baking datapack...
[2026-08-28 17:35:04][FINE] Datapack loaded.
[2026-08-28 17:35:04][INFO] Initializing Storage: 'file' (Type: 'bluemap:file')
[2026-08-28 17:35:04][INFO] Loading map 'world'...
[2026-08-28 17:35:04][FINE] Loading render-state for map 'world'
[2026-08-28 17:35:04][FINE] Loading textures for map 'world'
[2026-08-28 17:35:04][FINE] Loading world world#minecraft:the_end ...
[2026-08-28 17:35:04][FINE] Loading datapack...
[2026-08-28 17:35:04][FINE] Loading datapack from: world\datapacks\BetterRecipeMemory.zip ...
[2026-08-28 17:35:04][FINE] Loading datapack from: bluemap\resourceExtensions.zip ...
[2026-08-28 17:35:04][FINE] Loading datapack from: bluemap\minecraft-client-26.2.jar ...
[2026-08-28 17:35:04][FINE] Baking datapack...
[2026-08-28 17:35:04][FINE] Datapack loaded.
[2026-08-28 17:35:04][INFO] Loading map 'world_the_end'...
[2026-08-28 17:35:04][FINE] Loading render-state for map 'world_the_end'
[2026-08-28 17:35:04][FINE] Loading textures for map 'world_the_end'
[2026-08-28 17:35:05][FINE] Loading world world#minecraft:the_nether ...
[2026-08-28 17:35:05][FINE] Loading datapack...
[2026-08-28 17:35:05][FINE] Loading datapack from: world\datapacks\BetterRecipeMemory.zip ...
[2026-08-28 17:35:05][FINE] Loading datapack from: bluemap\resourceExtensions.zip ...
[2026-08-28 17:35:05][FINE] Loading datapack from: bluemap\minecraft-client-26.2.jar ...
[2026-08-28 17:35:05][FINE] Baking datapack...
[2026-08-28 17:35:05][FINE] Datapack loaded.
[2026-08-28 17:35:05][INFO] Loading map 'world_the_nether'...
[2026-08-28 17:35:05][FINE] Loading render-state for map 'world_the_nether'
[2026-08-28 17:35:05][FINE] Loading textures for map 'world_the_nether'
[2026-08-28 17:35:05][FINE] Started watching map 'world_the_nether' for updates...
[2026-08-28 17:35:05][FINE] Started watching map 'world' for updates...
[2026-08-28 17:35:05][FINE] Started watching map 'world_the_end' for updates...
[2026-08-28 17:35:05][INFO] Loaded!
[2026-08-28 18:35:05][FINE] Stopped watching map 'world' for updates.
[2026-08-28 18:35:05][FINE] Stopped watching map 'world_the_end' for updates.
[2026-08-28 18:35:05][FINE] Stopped watching map 'world_the_nether' for updates.
[2026-08-28 18:35:05][FINE] Started watching map 'world' for updates...
[2026-08-28 18:35:05][FINE] Started watching map 'world_the_end' for updates...
[2026-08-28 18:35:05][FINE] Started watching map 'world_the_nether' for updates...
[2026-08-28 19:35:05][FINE] Stopped watching map 'world' for updates.
[2026-08-28 19:35:05][FINE] Stopped watching map 'world_the_end' for updates.
[2026-08-28 19:35:05][FINE] Stopped watching map 'world_the_nether' for updates.
[2026-08-28 19:35:05][FINE] Started watching map 'world' for updates...
[2026-08-28 19:35:05][FINE] Started watching map 'world_the_end' for updates...
[2026-08-28 19:35:05][FINE] Started watching map 'world_the_nether' for updates...
[2026-08-28 20:05:09][FINE] Scheduled update for region-file: (-4, -1) (Map: world)
[2026-08-28 20:06:01][FINE] Scheduled update for region-file: (-4, 0) (Map: world)
[2026-08-28 20:06:09][FINE] Scheduled update for region-file: (-4, -1) (Map: world)
[2026-08-28 20:07:01][FINE] Scheduled update for region-file: (-4, 0) (Map: world)
[2026-08-28 20:07:09][FINE] Scheduled update for region-file: (-4, -1) (Map: world)
[2026-08-28 20:07:29][FINE] Scheduled update for region-file: (-4, 1) (Map: world)
[2026-08-28 20:08:01][FINE] Scheduled update for region-file: (-4, 0) (Map: world)
[2026-08-28 20:08:29][FINE] Scheduled update for region-file: (-4, 1) (Map: world)
[2026-08-28 20:09:01][FINE] Scheduled update for region-file: (-4, 0) (Map: world)
[2026-08-28 20:35:05][FINE] Stopped watching map 'world' for updates.
[2026-08-28 20:35:05][FINE] Stopped watching map 'world_the_end' for updates.
[2026-08-28 20:35:05][FINE] Stopped watching map 'world_the_nether' for updates.
[2026-08-28 20:35:05][FINE] Started watching map 'world' for updates...
[2026-08-28 20:35:05][FINE] Started watching map 'world_the_end' for updates...
[2026-08-28 20:35:05][FINE] Started watching map 'world_the_nether' for updates...
[2026-08-28 21:18:31][FINE] Start updating map 'world'...
[2026-08-28 21:18:31][FINE] Start updating map 'world_the_nether'...
[2026-08-28 21:18:31][FINE] Start updating map 'world'...
[2026-08-28 21:18:31][FINE] Start updating map 'world_the_end'...
[2026-08-28 21:18:31][FINE] Start updating map 'world_the_nether'...
[2026-08-28 21:18:31][FINE] Start updating map 'world_the_end'...
[2026-08-28 21:18:31][FINE] Start updating map 'world'...
[2026-08-28 21:18:31][FINE] Start updating map 'world_the_end'...
[2026-08-28 21:18:31][FINE] Start updating map 'world_the_nether'...
[2026-08-28 21:18:31][FINE] Start updating map 'world_the_end'...
[2026-08-28 21:18:31][FINE] Start updating map 'world_the_nether'...
[2026-08-28 21:18:31][FINE] Start updating map 'world'...
[2026-08-28 21:18:36][FINE] Scheduled update for region-file: (-1, 1) (Map: world)
[2026-08-28 21:18:36][FINE] Scheduled update for region-file: (-2, -1) (Map: world)
[2026-08-28 21:18:36][FINE] Scheduled update for region-file: (-2, 1) (Map: world)
[2026-08-28 21:18:36][FINE] Scheduled update for region-file: (-3, -1) (Map: world)
[2026-08-28 21:18:36][FINE] Scheduled update for region-file: (-3, 0) (Map: world)
[2026-08-28 21:18:36][FINE] Scheduled update for region-file: (-3, 1) (Map: world)
[2026-08-28 21:18:36][FINE] Scheduled update for region-file: (-4, -1) (Map: world)
[2026-08-28 21:18:36][FINE] Scheduled update for region-file: (-4, 0) (Map: world)
[2026-08-28 21:18:36][FINE] Scheduled update for region-file: (0, 1) (Map: world)
[2026-08-28 21:18:36][FINE] Scheduled update for region-file: (1, 1) (Map: world)
[2026-08-28 21:18:36][FINE] Scheduled update for region-file: (-1, -1) (Map: world_the_nether)
[2026-08-28 21:18:36][FINE] Scheduled update for region-file: (-1, 0) (Map: world_the_nether)
[2026-08-28 21:18:36][FINE] Scheduled update for region-file: (0, -1) (Map: world_the_nether)
[2026-08-28 21:18:36][FINE] Scheduled update for region-file: (0, 0) (Map: world_the_nether)
[2026-08-28 21:35:05][FINE] Stopped watching map 'world' for updates.
[2026-08-28 21:35:05][FINE] Stopped watching map 'world_the_end' for updates.
[2026-08-28 21:35:05][FINE] Stopped watching map 'world_the_nether' for updates.
[2026-08-28 21:35:05][FINE] Started watching map 'world' for updates...
[2026-08-28 21:35:05][FINE] Start updating map 'world'...
[2026-08-28 21:35:05][FINE] Started watching map 'world_the_end' for updates...
[2026-08-28 21:35:05][FINE] Started watching map 'world_the_nether' for updates...
[2026-08-28 21:35:05][FINE] Start updating map 'world_the_end'...
[2026-08-28 21:35:05][FINE] Start updating map 'world_the_nether'...
[2026-08-28 22:35:05][FINE] Stopped watching map 'world' for updates.
[2026-08-28 22:35:05][FINE] Stopped watching map 'world_the_end' for updates.
[2026-08-28 22:35:05][FINE] Stopped watching map 'world_the_nether' for updates.
[2026-08-28 22:35:05][FINE] Started watching map 'world' for updates...
[2026-08-28 22:35:05][FINE] Started watching map 'world_the_end' for updates...
[2026-08-28 22:35:05][FINE] Start updating map 'world'...
[2026-08-28 22:35:05][FINE] Start updating map 'world_the_end'...
[2026-08-28 22:35:05][FINE] Started watching map 'world_the_nether' for updates...
[2026-08-28 22:35:05][FINE] Start updating map 'world_the_nether'...
